[livedemo00.template-help.com/wt_50778/index.html]
[backblue.gif]
[fade.gif]
[index.html]
[static.livedemo00.template-help.com/wt_50778/css/bootstrap.css]
[static.livedemo00.template-help.com/wt_50778/css/style.css]
[static.livedemo00.template-help.com/wt_50778/js/jquery.js]
[static.livedemo00.template-help.com/wt_50778/js/device.js]
[static.livedemo00.template-help.com/wt_50778/js/core.js]
[static.livedemo00.template-help.com/wt_50778/js/bootstrap.js]
[static.livedemo00.template-help.com/wt_50778/js/script.js]
[livedemo00.template-help.com/wt_50778/gallery.html]
[livedemo00.template-help.com/wt_50778/bio.html]
[livedemo00.template-help.com/wt_50778/readmore.html]
[livedemo00.template-help.com/wt_50778/experience.html]
[livedemo00.template-help.com/wt_50778/resume.html]
[livedemo00.template-help.com/wt_50778/contacts.html]
[livedemo00.template-help.com/wt_50778/vogue.html]
[static.livedemo00.template-help.com/wt_50778/img/gallery_prev1.jpg]
[livedemo00.template-help.com/wt_50778/misc.html]
[static.livedemo00.template-help.com/wt_50778/img/gallery_prev2.jpg]
[livedemo00.template-help.com/wt_50778/fashion.html]
[static.livedemo00.template-help.com/wt_50778/img/gallery_prev3.jpg]
[livedemo00.template-help.com/wt_50778/macro.html]
[static.livedemo00.template-help.com/wt_50778/img/gallery_prev4.jpg]
[livedemo00.template-help.com/wt_50778/glam.html]
[static.livedemo00.template-help.com/wt_50778/img/gallery_prev5.jpg]
[livedemo00.template-help.com/wt_50778/personal.html]
[livedemo00.template-help.com/wt_50778/portrait.html]
[static.livedemo00.template-help.com/wt_50778/img/gallery_prev7.jpg]
[livedemo00.template-help.com/wt_50778/adv.html]
[static.livedemo00.template-help.com/wt_50778/img/gallery_prev8.jpg]
[static.livedemo00.template-help.com/wt_50778/img/p3_pic2.png]
[static.livedemo00.template-help.com/wt_50778/img/p3_pic3.png]
[static.livedemo00.template-help.com/wt_50778/img/p3_pic5.png]
[static.livedemo00.template-help.com/wt_50778/img/p3_pic7.png]
[static.livedemo00.template-help.com/wt_50778/img/p4_pic1.jpg]
[static.livedemo00.template-help.com/wt_50778/img/p4_pic2.jpg]
[static.livedemo00.template-help.com/wt_50778/img/p5_pic1.jpg]
[static.livedemo00.template-help.com/wt_50778/img/mail_icone.png]
[livedemo00.template-help.com/wt_50778/privacy.html]
[livedemo00.template-help.com/wt_50778/index.html]
[static.livedemo00.template-help.com/wt_50778/fonts/glyphicons-halflings-regular.eot]
[static.livedemo00.template-help.com/wt_50778/fonts/glyphicons-halflings-regulard41d.eot]
[static.livedemo00.template-help.com/wt_50778/fonts/glyphicons-halflings-regular.woff]
[static.livedemo00.template-help.com/wt_50778/fonts/glyphicons-halflings-regular.svg]
[static.livedemo00.template-help.com/wt_50778/css/bootstrap.css]
[static.livedemo00.template-help.com/wt_50778/fonts/glyphicons-halflings-regular.ttf]
[static.livedemo00.template-help.com/wt_50778/css/tmMultimediaGallery.css]
[static.livedemo00.template-help.com/wt_50778/fonts/font-awesome.css]
[static.livedemo00.template-help.com/wt_50778/css/owl.carousel.css]
[static.livedemo00.template-help.com/wt_50778/img/pic_icone.png]
[static.livedemo00.template-help.com/wt_50778/img/totop.png]
[static.livedemo00.template-help.com/wt_50778/img/Discription_bg.png]
[static.livedemo00.template-help.com/wt_50778/img/p5_bg.jpg]
[static.livedemo00.template-help.com/wt_50778/img/base/TMpreviewLoader.gif]
[static.livedemo00.template-help.com/wt_50778/img/close_icon.png]
[static.livedemo00.template-help.com/wt_50778/img/caption_bg.png]
[static.livedemo00.template-help.com/wt_50778/img/camera-loader.gif]
[static.livedemo00.template-help.com/wt_50778/img/arr_next.png]
[static.livedemo00.template-help.com/wt_50778/img/arr_prev.png]
[static.livedemo00.template-help.com/wt_50778/img/line_hor.png]
[static.livedemo00.template-help.com/wt_50778/img/icon_zoom.png]
[static.livedemo00.template-help.com/wt_50778/img/base/site_loader.gif]
[static.livedemo00.template-help.com/wt_50778/css/style.css]
[static.livedemo00.template-help.com/wt_50778/js/jquery.js]
[static.livedemo00.template-help.com/wt_50778/js/device.js]
[static.livedemo00.template-help.com/wt_50778/js/bootstrap.js]
[livedemo00.template-help.com/index.html]
[static.livedemo00.template-help.com/wt_50778/js/core.js]
[static.livedemo00.template-help.com/wt_50778/js/history7ec8.js]
[livedemo00.template-help.com/wt_50778/404.html]
[static.livedemo00.template-help.com/wt_50778/js/jquery.easing.js]
[static.livedemo00.template-help.com/wt_50778/js/jquery.mousewheel.min.js]
[static.livedemo00.template-help.com/wt_50778/js/jquery-ui-1.10.3.custom.min.js]
[static.livedemo00.template-help.com/wt_50778/js/jquery.ui.touch-punch.js]
[static.livedemo00.template-help.com/wt_50778/js/jquery.touchSwipe.min.js]
[static.livedemo00.template-help.com/wt_50778/js/jquery-migrate-1.1.1.js]
[static.livedemo00.template-help.com/wt_50778/js/klass.min.js]
[static.livedemo00.template-help.com/wt_50778/js/owl.carousel.js]
[static.livedemo00.template-help.com/wt_50778/js/spin.min.js]
[static.livedemo00.template-help.com/wt_50778/js/tmMultimediaGallery.js]
[static.livedemo00.template-help.com/wt_50778/js/jquery.equalheights.js]
[static.livedemo00.template-help.com/wt_50778/js/jquery.superscrollorama.js]
[static.livedemo00.template-help.com/wt_50778/js/hoverIntent.js]
[static.livedemo00.template-help.com/wt_50778/js/superfish.js]
[static.livedemo00.template-help.com/wt_50778/js/greensock/TweenMax.min.js]
[static.livedemo00.template-help.com/wt_50778/js/script.js]
[static.livedemo00.template-help.com/wt_50778/js/jquery.ui.totop.js]
[livedemo00.template-help.com/wt_50778/gallery.html]
[livedemo00.template-help.com/wt_50778/bio.html]
[livedemo00.template-help.com/wt_50778/readmore.html]
[livedemo00.template-help.com/wt_50778/experience.html]
[livedemo00.template-help.com/wt_50778/resume.html]
[livedemo00.template-help.com/wt_50778/contacts.html]
[static.livedemo00.template-help.com/wt_50778/img/p1_pic1.jpg]
[livedemo00.template-help.com/wt_50778/vogue.html]
[livedemo00.template-help.com/wt_50778/misc.html]
[livedemo00.template-help.com/wt_50778/fashion.html]
[livedemo00.template-help.com/wt_50778/macro.html]
[livedemo00.template-help.com/wt_50778/glam.html]
[livedemo00.template-help.com/wt_50778/personal.html]
[livedemo00.template-help.com/wt_50778/portrait.html]
[static.livedemo00.template-help.com/wt_50778/img/gallery_prev6.jpg]
[livedemo00.template-help.com/wt_50778/adv.html]
[static.livedemo00.template-help.com/wt_50778/img/p3_pic2.png]
[static.livedemo00.template-help.com/wt_50778/img/p3_pic1.png]
[static.livedemo00.template-help.com/wt_50778/img/p3_pic3.png]
[static.livedemo00.template-help.com/wt_50778/img/p3_pic5.png]
[static.livedemo00.template-help.com/wt_50778/img/p3_pic7.png]
[livedemo00.template-help.com/wt_50778/privacy.html]
[www.googletagmanager.com/gtm5445.html]
[static.livedemo00.template-help.com/wt_50778/fonts/glyphicons-halflings-regular.svg]
[static.livedemo00.template-help.com/wt_50778/css/tmMultimediaGallery.css]
[static.livedemo00.template-help.com/wt_50778/fonts/fontawesome-webfontba72.eot]
[static.livedemo00.template-help.com/wt_50778/fonts/font-awesome.css]
[static.livedemo00.template-help.com/wt_50778/css/owl.carousel.css]
[static.livedemo00.template-help.com/wt_50778/img/line_hor.html]
[livedemo00.template-help.com/index.html]
[static.livedemo00.template-help.com/wt_50778/js/history7ec8.js]
[livedemo00.template-help.com/wt_50778/404.html]
[static.livedemo00.template-help.com/wt_50778/js/jquery.easing.js]
[static.livedemo00.template-help.com/wt_50778/js/jquery.mousewheel.min.js]
[static.livedemo00.template-help.com/wt_50778/js/jquery-ui-1.10.3.custom.min.js]
[static.livedemo00.template-help.com/wt_50778/js/jquery.ui.touch-punch.js]
[static.livedemo00.template-help.com/wt_50778/js/jquery.touchSwipe.min.js]
[static.livedemo00.template-help.com/wt_50778/js/jquery-migrate-1.1.1.js]
[static.livedemo00.template-help.com/wt_50778/js/klass.min.js]
[static.livedemo00.template-help.com/wt_50778/js/owl.carousel.js]
[static.livedemo00.template-help.com/wt_50778/js/spin.min.js]
[static.livedemo00.template-help.com/wt_50778/js/tmMultimediaGallery.js]
[static.livedemo00.template-help.com/wt_50778/js/jquery.equalheights.js]
[static.livedemo00.template-help.com/wt_50778/js/jquery.superscrollorama.js]
[static.livedemo00.template-help.com/wt_50778/js/hoverIntent.js]
[static.livedemo00.template-help.com/wt_50778/js/superfish.js]
[static.livedemo00.template-help.com/wt_50778/js/greensock/TweenMax.min.js]
[static.livedemo00.template-help.com/wt_50778/js/jquery.ui.totop.js]
[static.livedemo00.template-help.com/wt_50778/img/p1_pic1.jpg]
[static.livedemo00.template-help.com/wt_50778/fonts/fontawesome-webfontba72.woff]
[static.livedemo00.template-help.com/wt_50778/fonts/fontawesome-webfontba72.svg]
[static.livedemo00.template-help.com/wt_50778/img/p5_pic1.jpg]
[static.livedemo00.template-help.com/wt_50778/fonts/fontawesome-webfontba72.svg]
[static.livedemo00.template-help.com/wt_50778/img/gallery_prev6.jpg]
[static.livedemo00.template-help.com/wt_50778/img/p3_pic4.png]
[static.livedemo00.template-help.com/wt_50778/img/p3_pic6.png]
[static.livedemo00.template-help.com/wt_50778/fonts/fontawesome-webfontd41d.eot]
[static.livedemo00.template-help.com/wt_50778/fonts/fontawesome-webfontba72.ttf]
